
The default interactive shell is now zsh.
To update your account to use zsh, please run `chsh -s /bin/zsh`.
For more details, please visit https://support.apple.com/kb/HT208050.
bash-3.2$ ls
Main.java	bios.asm	cpu
bash-3.2$ atasm bios.asm 
ATasm 1.09 (A mostly Mac65 compatible 6502 cross-assembler)
Pass 1: Success. (0 warnings)
Pass 2: Success. (0 warnings)

Assembly successful
  Compiled 3 bytes (~0k)
    Block: 0600-0602 (3 bytes)

Compiled to binary file 'bios.65o'
bash-3.2$ 
bash-3.2$ ls
#bios.asm#	bios.65o	cpu
Main.java	bios.asm
bash-3.2$ atasm bios.asm 
ATasm 1.09 (A mostly Mac65 compatible 6502 cross-assembler)
Pass 1: Success. (0 warnings)
Pass 2: Success. (0 warnings)

Assembly successful
  Compiled 3 bytes (~0k)
    Block: 0600-0602 (3 bytes)

Compiled to binary file 'bios.65o'
bash-3.2$ atasm bios.asm 
ATasm 1.09 (A mostly Mac65 compatible 6502 cross-assembler)
Pass 1: 
In bios.asm, line 12--
 Error: Illegal label name, must start with '@','?', or a letter.
bash-3.2$ atasm bios.asm 
ATasm 1.09 (A mostly Mac65 compatible 6502 cross-assembler)
Pass 1: Success. (0 warnings)
Pass 2: Success. (0 warnings)

Assembly successful
  Compiled 6 bytes (~0k)

Compiled to binary file 'bios.65o'
bash-3.2$ cat -b bios.65o 
ÿÿbash-3.2$ cat -x bios.65o 
cat: illegal option -- x
usage: cat [-belnstuv] [file ...]
bash-3.2$ cat -b bios.65o 
     1	ÿÿbash-3.2$ 
bash-3.2$ 
bash-3.2$ 
bash-3.2$ 
bash-3.2$ 
bash-3.2$ cat
